nohup: 忽略输入

处理任务组:   0%|          | 0/1 [00:00<?, ?it/s]处理任务组: 100%|██████████| 1/1 [02:27<00:00, 147.19s/it]处理任务组: 100%|██████████| 1/1 [02:27<00:00, 147.19s/it]

第 1 组任务完成:
  成功任务数: 50
  失败任务数: 0

总任务个数 (输入行数): 50
需要执行的任务个数: 50
成功执行的任务个数: 50
失败的任务个数: 0
成功生成 4610 行消费者数据，保存到 dataset/processed/optimized_consumer_data.csv
处理任务组:   0%|          | 0/10 [00:00<?, ?it/s]处理任务组:  10%|█         | 1/10 [05:49<52:21, 349.11s/it]处理任务组:  20%|██        | 2/10 [11:52<47:40, 357.59s/it]处理任务组:  30%|███       | 3/10 [18:01<42:19, 362.84s/it]处理任务组:  40%|████      | 4/10 [25:10<38:53, 388.96s/it]处理任务组:  50%|█████     | 5/10 [31:51<32:45, 393.19s/it]处理任务组:  60%|██████    | 6/10 [49:19<41:03, 615.78s/it]处理任务组:  70%|███████   | 7/10 [55:22<26:39, 533.15s/it]处理任务组:  80%|████████  | 8/10 [1:01:27<15:59, 479.78s/it]处理任务组:  90%|█████████ | 9/10 [1:08:21<07:39, 459.17s/it]处理任务组: 100%|██████████| 10/10 [1:10:37<00:00, 359.44s/it]处理任务组: 100%|██████████| 10/10 [1:10:37<00:00, 423.78s/it]

第 1 组任务完成:
  成功任务数: 500
  失败任务数: 0

第 2 组任务完成:
  成功任务数: 500
  失败任务数: 0

第 3 组任务完成:
  成功任务数: 500
  失败任务数: 0

第 4 组任务完成:
  成功任务数: 500
  失败任务数: 0

第 5 组任务完成:
  成功任务数: 500
  失败任务数: 0

第 6 组任务完成:
  成功任务数: 500
  失败任务数: 0

第 7 组任务完成:
  成功任务数: 500
  失败任务数: 0

第 8 组任务完成:
  成功任务数: 500
  失败任务数: 0

第 9 组任务完成:
  成功任务数: 500
  失败任务数: 0

第 10 组任务完成:
  成功任务数: 110
  失败任务数: 0

总任务个数 (输入行数): 4610
需要执行的任务个数: 4610
成功执行的任务个数: 4610
失败的任务个数: 0
